// Jest Snapshot v1, https://goo.gl/fbAQLP

exports[`StatusCard should match a snapshot 1`] = `ShallowWrapper {}`;
