// Jest Snapshot v1, https://goo.gl/fbAQLP

exports[`SamplePieChart should match a snapshot 1`] = `
<ResponsiveContainer
  debounce={0}
  height="100%"
  width="100%"
>
  <PieChart
    barCategoryGap="10%"
    barGap={4}
    cx="50%"
    cy="50%"
    endAngle={360}
    innerRadius={0}
    layout="centric"
    margin={
      Object {
        "bottom": 5,
        "left": 5,
        "right": 5,
        "top": 5,
      }
    }
    outerRadius="80%"
    reverseStackOrder={false}
    stackOffset="none"
    startAngle={0}
  >
    <Pie
      animationBegin={400}
      animationDuration={1500}
      animationEasing="ease"
      blendStroke={false}
      cx="50%"
      cy="50%"
      data={
        Array [
          Object {
            "label": "Active",
            "value": 20,
          },
          Object {
            "label": "Queued",
            "value": 10,
          },
          Object {
            "label": "Active",
            "value": 3,
          },
        ]
      }
      dataKey="value"
      endAngle={360}
      fill="#8884d8"
      hide={false}
      innerRadius="50%"
      isAnimationActive={true}
      label={true}
      labelLine={true}
      legendType="rect"
      minAngle={0}
      nameKey="label"
      outerRadius="80%"
      paddingAngle={0}
      startAngle={0}
      stroke="#fff"
    />
  </PieChart>
</ResponsiveContainer>
`;

exports[`SamplePieChart should render an empty message 1`] = `
<span>
  No data to show!
</span>
`;
